Using pre-set license
Built from '2021.3/staging' branch; Version is '2021.3.16f1 (4016570cf34f) revision 4200023'; Using compiler version '192829333'; Build Type 'Release'
OS: 'Windows 10  (10.0.19045) 64bit Professional' Language: 'en' Physical Memory: 32649 MB
BatchMode: 1, IsHumanControllingUs: 0, StartBugReporterOnCrash: 0, Is64bit: 1, IsPro: 1

COMMAND LINE ARGUMENTS:
C:\Program Files\Unity\Hub\Editor\2021.3.16f1\Editor\Unity.exe
-adb2
-batchMode
-noUpm
-name
AssetImportWorker0
-projectPath
C:/Programming/FreeDraw
-logFile
Logs/AssetImportWorker0.log
-srvPort
57205
Successfully changed project path to: C:/Programming/FreeDraw
C:/Programming/FreeDraw
[UnityMemory] Configuration Parameters - Can be set up in boot.config
    "memorysetup-bucket-allocator-granularity=16"
    "memorysetup-bucket-allocator-bucket-count=8"
    "memorysetup-bucket-allocator-block-size=33554432"
    "memorysetup-bucket-allocator-block-count=8"
    "memorysetup-main-allocator-block-size=16777216"
    "memorysetup-thread-allocator-block-size=16777216"
    "memorysetup-gfx-main-allocator-block-size=16777216"
    "memorysetup-gfx-thread-allocator-block-size=16777216"
    "memorysetup-cache-allocator-block-size=4194304"
    "memorysetup-typetree-allocator-block-size=2097152"
    "memorysetup-profiler-bucket-allocator-granularity=16"
    "memorysetup-profiler-bucket-allocator-bucket-count=8"
    "memorysetup-profiler-bucket-allocator-block-size=33554432"
    "memorysetup-profiler-bucket-allocator-block-count=8"
    "memorysetup-profiler-allocator-block-size=16777216"
    "memorysetup-profiler-editor-allocator-block-size=1048576"
    "memorysetup-temp-allocator-size-main=16777216"
    "memorysetup-job-temp-allocator-block-size=2097152"
    "memorysetup-job-temp-allocator-block-size-background=1048576"
    "memorysetup-job-temp-allocator-reduction-small-platforms=262144"
    "memorysetup-temp-allocator-size-background-worker=32768"
    "memorysetup-temp-allocator-size-job-worker=262144"
    "memorysetup-temp-allocator-size-preload-manager=33554432"
    "memorysetup-temp-allocator-size-nav-mesh-worker=65536"
    "memorysetup-temp-allocator-size-audio-worker=65536"
    "memorysetup-temp-allocator-size-cloud-worker=32768"
    "memorysetup-temp-allocator-size-gi-baking-worker=262144"
    "memorysetup-temp-allocator-size-gfx=262144"
Player connection [544] Host "[IP] 172.16.1.82 [Port] 0 [Flags] 2 [Guid] 561214232 [EditorId] 561214232 [Version] 1048832 [Id] WindowsEditor(7,DeeCeptor-Desktop) [Debug] 1 [PackageName] WindowsEditor [ProjectName] Editor" joined multi-casting on [225.0.0.222:54997]...

Player connection [544] Host "[IP] 172.16.1.82 [Port] 0 [Flags] 2 [Guid] 561214232 [EditorId] 561214232 [Version] 1048832 [Id] WindowsEditor(7,DeeCeptor-Desktop) [Debug] 1 [PackageName] WindowsEditor [ProjectName] Editor" joined alternative multi-casting on [225.0.0.222:34997]...

Refreshing native plugins compatible for Editor in 23.22 ms, found 2 plugins.
Preloading 0 native plugins for Editor in 0.00 ms.
Initialize engine version: 2021.3.16f1 (4016570cf34f)
[Subsystems] Discovering subsystems at path C:/Program Files/Unity/Hub/Editor/2021.3.16f1/Editor/Data/Resources/UnitySubsystems
[Subsystems] Discovering subsystems at path C:/Programming/FreeDraw/Assets
GfxDevice: creating device client; threaded=0; jobified=0
Direct3D:
    Version:  Direct3D 11.0 [level 11.1]
    Renderer: NVIDIA GeForce GTX 1070 (ID=0x1b81)
    Vendor:   NVIDIA
    VRAM:     8081 MB
    Driver:   31.0.15.3623
Initialize mono
Mono path[0] = 'C:/Program Files/Unity/Hub/Editor/2021.3.16f1/Editor/Data/Managed'
Mono path[1] = 'C:/Program Files/Unity/Hub/Editor/2021.3.16f1/Editor/Data/MonoBleedingEdge/lib/mono/unityjit-win32'
Mono config path = 'C:/Program Files/Unity/Hub/Editor/2021.3.16f1/Editor/Data/MonoBleedingEdge/etc'
Using monoOptions --debugger-agent=transport=dt_socket,embedding=1,server=y,suspend=n,address=127.0.0.1:56140
Begin MonoManager ReloadAssembly
Registering precompiled unity dll's ...
Register platform support module: C:/Program Files/Unity/Hub/Editor/2021.3.16f1/Editor/Data/PlaybackEngines/AndroidPlayer/UnityEditor.Android.Extensions.dll
Register platform support module: C:/Program Files/Unity/Hub/Editor/2021.3.16f1/Editor/Data/PlaybackEngines/iOSSupport/UnityEditor.iOS.Extensions.dll
Register platform support module: C:/Program Files/Unity/Hub/Editor/2021.3.16f1/Editor/Data/PlaybackEngines/WindowsStandaloneSupport/UnityEditor.WindowsStandalone.Extensions.dll
Register platform support module: C:/Program Files/Unity/Hub/Editor/2021.3.16f1/Editor/Data/PlaybackEngines/LinuxStandaloneSupport/UnityEditor.LinuxStandalone.Extensions.dll
Registered in 0.009312 seconds.
Native extension for LinuxStandalone target not found
Native extension for WindowsStandalone target not found
[usbmuxd] Start listen thread
[usbmuxd] Listen thread started
Native extension for iOS target not found
Native extension for Android target not found
Refreshing native plugins compatible for Editor in 23.19 ms, found 2 plugins.
Preloading 0 native plugins for Editor in 0.00 ms.
Mono: successfully reloaded assembly
- Completed reload, in  0.504 seconds
Domain Reload Profiling:
	ReloadAssembly (504ms)
		BeginReloadAssembly (63ms)
			ExecutionOrderSort (0ms)
			DisableScriptedObjects (0ms)
			BackupInstance (0ms)
			ReleaseScriptingObjects (0ms)
			CreateAndSetChildDomain (1ms)
		EndReloadAssembly (337ms)
			LoadAssemblies (62ms)
			RebuildTransferFunctionScriptingTraits (0ms)
			SetupTypeCache (81ms)
			ReleaseScriptCaches (0ms)
			RebuildScriptCaches (19ms)
			SetupLoadedEditorAssemblies (198ms)
				LogAssemblyErrors (0ms)
				InitializePlatformSupportModulesInManaged (58ms)
				SetLoadedEditorAssemblies (0ms)
				RefreshPlugins (23ms)
				BeforeProcessingInitializeOnLoad (1ms)
				ProcessInitializeOnLoadAttributes (80ms)
				ProcessInitializeOnLoadMethodAttributes (36ms)
				AfterProcessingInitializeOnLoad (0ms)
				EditorAssembliesLoaded (0ms)
			ExecutionOrderSort2 (0ms)
			AwakeInstancesAfterBackupRestoration (0ms)
Platform modules already initialized, skipping
Registering precompiled user dll's ...
Registered in 0.003409 seconds.
Begin MonoManager ReloadAssembly
Unloading broken assembly Assets/AssetStoreTools/Editor/AssetStoreToolsExtra.dll, this assembly can cause crashes in the runtime
Native extension for LinuxStandalone target not found
Native extension for WindowsStandalone target not found
Native extension for iOS target not found
Native extension for Android target not found
Refreshing native plugins compatible for Editor in 0.36 ms, found 2 plugins.
Preloading 0 native plugins for Editor in 0.00 ms.
Mono: successfully reloaded assembly
- Completed reload, in  0.783 seconds
Domain Reload Profiling:
	ReloadAssembly (784ms)
		BeginReloadAssembly (193ms)
			ExecutionOrderSort (0ms)
			DisableScriptedObjects (4ms)
			BackupInstance (0ms)
			ReleaseScriptingObjects (0ms)
			CreateAndSetChildDomain (121ms)
		EndReloadAssembly (506ms)
			LoadAssemblies (59ms)
			RebuildTransferFunctionScriptingTraits (0ms)
			SetupTypeCache (134ms)
			ReleaseScriptCaches (0ms)
			RebuildScriptCaches (32ms)
			SetupLoadedEditorAssemblies (254ms)
				LogAssemblyErrors (0ms)
				InitializePlatformSupportModulesInManaged (23ms)
				SetLoadedEditorAssemblies (0ms)
				RefreshPlugins (0ms)
				BeforeProcessingInitializeOnLoad (41ms)
				ProcessInitializeOnLoadAttributes (163ms)
				ProcessInitializeOnLoadMethodAttributes (19ms)
				AfterProcessingInitializeOnLoad (7ms)
				EditorAssembliesLoaded (0ms)
			ExecutionOrderSort2 (0ms)
			AwakeInstancesAfterBackupRestoration (4ms)
Platform modules already initialized, skipping
========================================================================
Worker process is ready to serve import requests
Launched and connected shader compiler UnityShaderCompiler.exe after 0.03 seconds
Refreshing native plugins compatible for Editor in 0.35 ms, found 2 plugins.
Preloading 0 native plugins for Editor in 0.00 ms.
Unloading 1758 Unused Serialized files (Serialized files now loaded: 0)
Unloading 20 unused Assets / (56.5 KB). Loaded Objects now: 2223.
Memory consumption went from 74.1 MB to 74.1 MB.
Total: 2.285900 ms (FindLiveObjects: 0.125700 ms CreateObjectMapping: 0.041700 ms MarkObjects: 2.061300 ms  DeleteObjects: 0.056700 ms)

AssetImportParameters requested are different than current active one (requested -> active):
  custom:video-decoder-ogg-theora: a1e56fd34408186e4bbccfd4996cb3dc -> 
  custom:container-muxer-webm: aa71ff27fc2769a1b78a27578f13a17b -> 
  custom:container-demuxer-webm: 4f35f7cbe854078d1ac9338744f61a02 -> 
  custom:video-encoder-webm-vp8: eb34c28f22e8b96e1ab97ce403110664 -> 
  custom:audio-encoder-webm-vorbis: bf7c407c2cedff20999df2af8eb42d56 -> 
  custom:framework-win-MediaFoundation: 216162199b28c13a410421893ffa2e32 -> 
  custom:container-demuxer-ogg: 62fdf1f143b41e24485cea50d1cbac27 -> 
  custom:video-decoder-webm-vp8: 9c59270c3fd7afecdb556c50c9e8de78 -> 
  custom:audio-decoder-ogg-vorbis: bf7c407c2cedff20999df2af8eb42d56 -> 
========================================================================
Received Import Request.
  Time since last request: 436260.275615 seconds.
  path: Assets/Transparent.png
  artifactKey: Guid(6732a9e692b9ec84092c09d9a88958e3) Importer(815301076,1909f56bfc062723c751e8b465ee728b)
Start importing Assets/Transparent.png using Guid(6732a9e692b9ec84092c09d9a88958e3) Importer(815301076,1909f56bfc062723c751e8b465ee728b)  -> (artifact id: 'd6c6d75cc33f39e0e2540a1b09439187') in 0.113516 seconds 
========================================================================
Received Import Request.
  Time since last request: 5.113715 seconds.
  path: Assets/FreeDraw/ExampleDrawingScene.unity
  artifactKey: Guid(4ce4d4d4aeef2e54e97bb40827915db8) Importer(815301076,1909f56bfc062723c751e8b465ee728b)
Start importing Assets/FreeDraw/ExampleDrawingScene.unity using Guid(4ce4d4d4aeef2e54e97bb40827915db8) Importer(815301076,1909f56bfc062723c751e8b465ee728b)  -> (artifact id: 'b9fddb6c3641394fcb6d2f106ee2b036') in 0.006024 seconds 
========================================================================
Received Import Request.
  Time since last request: 0.000018 seconds.
  path: Assets/FreeDraw/Art/Eraser.png
  artifactKey: Guid(9e1521f797ddd944381a0ce312a3df76) Importer(815301076,1909f56bfc062723c751e8b465ee728b)
Start importing Assets/FreeDraw/Art/Eraser.png using Guid(9e1521f797ddd944381a0ce312a3df76) Importer(815301076,1909f56bfc062723c751e8b465ee728b)  -> (artifact id: '995f539a80406b7a80cf8efa60cb2702') in 0.013659 seconds 
========================================================================
Received Import Request.
  Time since last request: 0.002013 seconds.
  path: Assets/FreeDraw/Art/PaintBucket.png
  artifactKey: Guid(a3f142ce24d0ca44bb06d5eaf6bd8aaf) Importer(815301076,1909f56bfc062723c751e8b465ee728b)
Start importing Assets/FreeDraw/Art/PaintBucket.png using Guid(a3f142ce24d0ca44bb06d5eaf6bd8aaf) Importer(815301076,1909f56bfc062723c751e8b465ee728b)  -> (artifact id: '6293698c58e4e01a1ba4ec13f89cd625') in 0.025935 seconds 
========================================================================
Received Import Request.
  Time since last request: 0.000023 seconds.
  path: Assets/FreeDraw/Art/ReadWriteEnabledImage - Copy.png
  artifactKey: Guid(403adc4c0a04e494ca2033818ca3c822) Importer(815301076,1909f56bfc062723c751e8b465ee728b)
Start importing Assets/FreeDraw/Art/ReadWriteEnabledImage - Copy.png using Guid(403adc4c0a04e494ca2033818ca3c822) Importer(815301076,1909f56bfc062723c751e8b465ee728b)  -> (artifact id: '993bb41f3c45c7b64c3ac38828f56c62') in 0.042839 seconds 
========================================================================
Received Import Request.
  Time since last request: 0.000014 seconds.
  path: Assets/FreeDraw/Art
  artifactKey: Guid(f322c85a52e4a754fb7346de27dfbcba) Importer(815301076,1909f56bfc062723c751e8b465ee728b)
Start importing Assets/FreeDraw/Art using Guid(f322c85a52e4a754fb7346de27dfbcba) Importer(815301076,1909f56bfc062723c751e8b465ee728b)  -> (artifact id: '4bfb2fb964e82a5deeb5cd2cd3c09d64') in 0.005863 seconds 
========================================================================
Received Import Request.
  Time since last request: 0.000014 seconds.
  path: Assets/FreeDraw/Art/Pen.png
  artifactKey: Guid(bd7e9961992cc884dab31a54c7ee5d91) Importer(815301076,1909f56bfc062723c751e8b465ee728b)
Start importing Assets/FreeDraw/Art/Pen.png using Guid(bd7e9961992cc884dab31a54c7ee5d91) Importer(815301076,1909f56bfc062723c751e8b465ee728b)  -> (artifact id: 'f348abd0d181082af10559c6ebb1c76b') in 0.015991 seconds 
========================================================================
Received Import Request.
  Time since last request: 0.000013 seconds.
  path: Assets/FreeDraw
  artifactKey: Guid(c4d41bae8054b8d4391e88e0c42d51e2) Importer(815301076,1909f56bfc062723c751e8b465ee728b)
Start importing Assets/FreeDraw using Guid(c4d41bae8054b8d4391e88e0c42d51e2) Importer(815301076,1909f56bfc062723c751e8b465ee728b)  -> (artifact id: '6777a54723d23a3c3c78639db17f30ff') in 0.004728 seconds 
========================================================================
Received Import Request.
  Time since last request: 0.000013 seconds.
  path: Assets/FreeDraw/Art/BlueMarker.png
  artifactKey: Guid(ceaa26d7f0d0c7f4e93f6716e82b047c) Importer(815301076,1909f56bfc062723c751e8b465ee728b)
Start importing Assets/FreeDraw/Art/BlueMarker.png using Guid(ceaa26d7f0d0c7f4e93f6716e82b047c) Importer(815301076,1909f56bfc062723c751e8b465ee728b)  -> (artifact id: '15a9b8f1af7c3d1fac085a8989886750') in 0.014426 seconds 
========================================================================
Received Import Request.
  Time since last request: 0.000018 seconds.
  path: Assets/FreeDraw/Art/ReadWriteEnabledImage.png
  artifactKey: Guid(a33b8a6cf583c534b83219b0504884d0) Importer(815301076,1909f56bfc062723c751e8b465ee728b)
Start importing Assets/FreeDraw/Art/ReadWriteEnabledImage.png using Guid(a33b8a6cf583c534b83219b0504884d0) Importer(815301076,1909f56bfc062723c751e8b465ee728b)  -> (artifact id: 'b6ece27be482519e374b8826cb38307d') in 0.032648 seconds 
Editor requested this worker to shutdown with reason: Scaling down because of idle timeout
AssetImportWorker is now disconnected from the server
Process exiting
Exiting without the bug reporter. Application will terminate with return code 0